// Jest Snapshot v1, https://goo.gl/fbAQLP

exports[`tabMenu renders 1`] = `
<div>
  <div
    class="jsx-1631061234"
  >
    <a
      class="jsx-1631061234 selected"
      href="/"
    >
      Recipes
    </a>
    <a
      class="jsx-1631061234 "
      href="/saved"
    >
      Saved
    </a>
    <a
      class="jsx-1631061234 "
      href="/about"
    >
      About us
    </a>
  </div>
</div>
`;
