// Jest Snapshot v1, https://goo.gl/fbAQLP

exports[`renders navigation 1`] = `
Array [
  <a
    class="jsx-1730214407"
    href="/about"
  >
    About us
  </a>,
  <a
    class="jsx-1730214407"
    href="/menu"
  >
    Menu
  </a>,
]
`;
