// Jest Snapshot v1, https://goo.gl/fbAQLP

exports[`renders recipe section 1`] = `
<div>
  <div
    class="jsx-1150314341"
  >
    <div
      class="jsx-3084802152 dropdown-container"
    >
      <select
        class="jsx-3084802152"
        data-testid="type-filter"
      >
        <option
          class="jsx-3084802152"
          value="all"
        >
          All types
        </option>
        <option
          class="jsx-3084802152"
          value="alcoholic"
        >
          Alcoholic
        </option>
        <option
          class="jsx-3084802152"
          value="virgin"
        >
          Virgin
        </option>
      </select>
      <span
        class="jsx-3084802152 arrow"
        tabindex="0"
      />
    </div>
    <div
      class="jsx-3084802152 dropdown-container"
    >
      <select
        class="jsx-3084802152"
        data-testid="difficulty-filter"
      >
        <option
          class="jsx-3084802152"
          value="all"
        >
          Any effort
        </option>
        <option
          class="jsx-3084802152"
          value="Easy"
        >
          Easy
        </option>
        <option
          class="jsx-3084802152"
          value="Hard"
        >
          Hard
        </option>
      </select>
      <span
        class="jsx-3084802152 arrow"
        tabindex="0"
      />
    </div>
    <div
      class="jsx-3084802152 dropdown-container"
    >
      <select
        class="jsx-3084802152"
        data-testid="base-filter"
      >
        <option
          class="jsx-3084802152"
          value="all"
        >
          All bases
        </option>
        <option
          class="jsx-3084802152"
          value="Gin"
        >
          Gin
        </option>
        <option
          class="jsx-3084802152"
          value="Whiskey"
        >
          Whiskey
        </option>
      </select>
      <span
        class="jsx-3084802152 arrow"
        tabindex="0"
      />
    </div>
    <div
      class="jsx-3084802152 dropdown-container"
    >
      <select
        class="jsx-3084802152"
        data-testid="flavour-filter"
      >
        <option
          class="jsx-3084802152"
          value="all"
        >
          All flavour
        </option>
        <option
          class="jsx-3084802152"
          value="Ginger"
        >
          Ginger
        </option>
        <option
          class="jsx-3084802152"
          value="Lemonade"
        >
          Lemonade
        </option>
        <option
          class="jsx-3084802152"
          value="Strong"
        >
          Strong
        </option>
      </select>
      <span
        class="jsx-3084802152 arrow"
        tabindex="0"
      />
    </div>
  </div>
  <div
    class="jsx-2994608941 drinkPanel "
    data-testid="drinkPanel"
  >
    <div
      class="jsx-2994608941 title"
    >
      drink1
    </div>
    <div
      class="jsx-2994608941 topPanel"
    >
      <div
        class="jsx-2994608941 overview"
      >
        <div
          class="jsx-2994608941 imageContainer"
        >
          <img
            alt="drink1"
            class="jsx-2994608941 image"
            src="./img/drinks/drink1.jpg"
          />
        </div>
        <div
          class="jsx-2994608941 overviewText"
        >
          <div
            class="jsx-2994608941 difficulty"
          >
            Easy
          </div>
          <div
            class="jsx-2994608941 base"
          >
            Whiskey
          </div>
          <div
            class="jsx-2994608941 flavour"
          >
            Strong, Ginger
          </div>
        </div>
      </div>
      <div
        class="jsx-2994608941 ingredients"
      >
        <div>
          50ml WHISKEY (BOURBON)
        </div>
        <div>
          15ml LEMON JUICE
        </div>
      </div>
      <div
        class="jsx-2994608941 methodExpander"
      >
        Method 
        ▼
      </div>
      <div
        class="jsx-2994608941 addToSaved"
      >
        <div
          class="jsx-2994608941 heart"
        />
        Add to saved
      </div>
    </div>
    <div
      class="jsx-2994608941 instructions "
      data-testid="instructions"
    >
      <div
        class="jsx-2994608941 instructionLine"
      >
        • inst1
      </div>
      <div
        class="jsx-2994608941 instructionLine"
      >
        • inst2
      </div>
    </div>
  </div>
  <div
    class="jsx-2994608941 drinkPanel "
    data-testid="drinkPanel"
  >
    <div
      class="jsx-2994608941 title"
    >
      drink2
    </div>
    <div
      class="jsx-2994608941 topPanel"
    >
      <div
        class="jsx-2994608941 overview"
      >
        <div
          class="jsx-2994608941 imageContainer"
        >
          <img
            alt="drink2"
            class="jsx-2994608941 image"
            src="./img/drinks/drink2.jpg"
          />
        </div>
        <div
          class="jsx-2994608941 overviewText"
        >
          <div
            class="jsx-2994608941 difficulty"
          >
            Hard
          </div>
          <div
            class="jsx-2994608941 base"
          >
            Gin
          </div>
          <div
            class="jsx-2994608941 flavour"
          >
            Lemonade, Ginger
          </div>
        </div>
      </div>
      <div
        class="jsx-2994608941 ingredients"
      >
        <div>
          50ml LEMONADE
        </div>
      </div>
      <div
        class="jsx-2994608941 methodExpander"
      >
        Method 
        ▼
      </div>
      <div
        class="jsx-2994608941 addToSaved"
      >
        <div
          class="jsx-2994608941 heart"
        />
        Add to saved
      </div>
    </div>
    <div
      class="jsx-2994608941 instructions "
      data-testid="instructions"
    >
      <div
        class="jsx-2994608941 instructionLine"
      >
        • inst3
      </div>
      <div
        class="jsx-2994608941 instructionLine"
      >
        • inst4
      </div>
    </div>
  </div>
</div>
`;
